============================================================================
MESH STATISTICS:
============================================================================
NUMBER OF CELLS                =      700
NUMBER OF STANDARD CELLS       =      700 (100.00 % of Total)
NUMBER OF CUT CELLS            =        0 (  0.00 % of Total)
NUMBER OF FLUID CELLS          =      700 (100.00 % of Total)
NUMBER OF BLOCKED CELLS        =        0 (  0.00 % of Total)
============================================================================
SCALAR STANDARD CELLS:
RANGE OF AXY                   =  0.9600000E-02   0.9600000E-02
RANGE OF AXZ                   =  0.3600000E-01   0.3600000E-01
RANGE OF AYZ                   =  0.2400000E-01   0.2400000E-01
RANGE OF VOLUME                =  0.2880000E-02   0.2880000E-02
============================================================================
============================================================================
HISTOGRAM FOR: AXY (SCALAR STANDARD CELLS)
MIN =   0.9600E-02
MAX =   0.9600E-02
============================================================================
 0.960E-02 --> 0.960E-02 |#########################|     700 CELLS OR 100.0%
============================================================================
============================================================================
HISTOGRAM FOR: AXZ (SCALAR STANDARD CELLS)
MIN =   0.3600E-01
MAX =   0.3600E-01
============================================================================
 0.360E-01 --> 0.360E-01 |#########################|     700 CELLS OR 100.0%
============================================================================
============================================================================
HISTOGRAM FOR: AYZ (SCALAR STANDARD CELLS)
MIN =   0.2400E-01
MAX =   0.2400E-01
============================================================================
 0.240E-01 --> 0.240E-01 |#########################|     700 CELLS OR 100.0%
============================================================================
============================================================================
HISTOGRAM FOR: VOL (SCALAR STANDARD CELLS)
MIN =   0.2880E-02
MAX =   0.2880E-02
============================================================================
 0.288E-02 --> 0.288E-02 |#########################|     700 CELLS OR 100.0%
============================================================================
============================================================================
HISTOGRAM FOR: Aspect Ratio (SCALAR STANDARD CELLS)
MIN =   0.1500E+01
MAX =   0.1500E+01
============================================================================
 0.150E+01 --> 0.150E+01 |#########################|     700 CELLS OR 100.0%
============================================================================
